#-----------------------------------------------------------
# Vivado v2018.1 (64-bit)
# SW Build 2188600 on Wed Apr  4 18:39:19 MDT 2018
# IP Build 2185939 on Wed Apr  4 20:55:05 MDT 2018
# Start of session at: Sat Jun 26 08:19:42 2021
# Process ID: 41039
# Current directory: /data1/workspace/phucph0/new/Computer-Architecture-20202/fpga/RISC-V-syn/RISC-V-syn.runs/design_1_Risc_32_bit_fpga_0_0_synth_1
# Command line: vivado -log design_1_Risc_32_bit_fpga_0_0.vds -product Vivado -mode batch -messageDb vivado.pb -notrace -source design_1_Risc_32_bit_fpga_0_0.tcl
# Log file: /data1/workspace/phucph0/new/Computer-Architecture-20202/fpga/RISC-V-syn/RISC-V-syn.runs/design_1_Risc_32_bit_fpga_0_0_synth_1/design_1_Risc_32_bit_fpga_0_0.vds
# Journal file: /data1/workspace/phucph0/new/Computer-Architecture-20202/fpga/RISC-V-syn/RISC-V-syn.runs/design_1_Risc_32_bit_fpga_0_0_synth_1/vivado.jou
#-----------------------------------------------------------
source design_1_Risc_32_bit_fpga_0_0.tcl -notrace
